[C:/Users/виктор/Desktop/4444/backblue.gif]
[C:/Users/виктор/Desktop/4444/fade.gif]
[C:/Users/виктор/Desktop/4444/index.html]
[C:/Users/виктор/Desktop/4444/aviras.site/resources/css/pace.min.js]
[C:/Users/виктор/Desktop/4444/aviras.site/resources/js/jquery.min.js]
[C:/Users/виктор/Desktop/4444/aviras.site/resources/js/show.js]
[C:/Users/виктор/Desktop/4444/www.google.com/recaptcha/api.js]
[C:/Users/виктор/Desktop/4444/aviras.site/resources/images/logo.png]
[C:/Users/виктор/Desktop/4444/aviras.site/resources/js/code3860.js]
[C:/Users/виктор/Desktop/4444/aviras.site/resources/js/jquery-migrate.min.js]
[C:/Users/виктор/Desktop/4444/aviras.site/resources/js/jquery-ui.min.js]
[C:/Users/виктор/Desktop/4444/aviras.site/resources/js/bootstrap-hover-dropdown.min.js]
[C:/Users/виктор/Desktop/4444/aviras.site/resources/js/jquery.uniform.min.js]
[C:/Users/виктор/Desktop/4444/aviras.site/resources/js/backbones.js]
[C:/Users/виктор/Desktop/4444/aviras.site/resources/js/page-layouts.js]
[C:/Users/виктор/Desktop/4444/aviras.site/resources/js/demo.js]
[C:/Users/виктор/Desktop/4444/aviras.site/resources/js/landing.js]
[C:/Users/виктор/Desktop/4444/aviras.site/resources/js/bootstrap.min.js]
[C:/Users/виктор/Desktop/4444/aviras.site/resources/js/jquery.slimscroll.min.js]
[C:/Users/виктор/Desktop/4444/aviras.site/autoSet/liker.html]
[C:/Users/виктор/Desktop/4444/i.imgur.com/yHfm6Bk.gif]
[C:/Users/виктор/Desktop/4444/darkwebs.ws/styles/stuff/images/bggold.gif]
[C:/Users/виктор/Desktop/4444/darkwebs.ws/styles/stuff/images/bg7.gif]
[C:/Users/виктор/Desktop/4444/darkwebs.ws/styles/stuff/images/bgwhitepusha.gif]
[C:/Users/виктор/Desktop/4444/i.imgur.com/TYdcGAP.gif]
[C:/Users/виктор/Desktop/4444/darkwebs.ws/styles/stuff/images/MSpace.gif]
[C:/Users/виктор/Desktop/4444/darkwebs.ws/img/bloodrain3.gif]
[C:/Users/виктор/Desktop/4444/aviras.site/resources/css/1.css]
[C:/Users/виктор/Desktop/4444/aviras.site/resources/css/pace-theme-minimal.css]
[C:/Users/виктор/Desktop/4444/aviras.site/resources/css/progress_bar.css]
[C:/Users/виктор/Desktop/4444/maxcdn.bootstrapcdn.com/font-awesome/4.7.0/css/font-awesome.min.css]
[C:/Users/виктор/Desktop/4444/aviras.site/resources/css/simple-line-icons/fonts/Simple-Line-Icons.eot]
[C:/Users/виктор/Desktop/4444/aviras.site/resources/css/simple-line-icons/fonts/Simple-Line-Iconsd41dd41d.eot]
[C:/Users/виктор/Desktop/4444/aviras.site/resources/css/simple-line-icons/fonts/Simple-Line-Icons.woff]
[C:/Users/виктор/Desktop/4444/aviras.site/resources/css/simple-line-icons/fonts/Simple-Line-Icons.ttf]
[C:/Users/виктор/Desktop/4444/aviras.site/resources/css/simple-line-icons/simple-line-icons.min.css]
[C:/Users/виктор/Desktop/4444/aviras.site/resources/css/bootstrap.min.css]
[C:/Users/виктор/Desktop/4444/aviras.site/resources/css/uniform/images/sprite.png]
[C:/Users/виктор/Desktop/4444/aviras.site/resources/css/uniform/images/bg-input.png]
[C:/Users/виктор/Desktop/4444/aviras.site/resources/css/uniform/images/bg-input-focus.png]
[C:/Users/виктор/Desktop/4444/aviras.site/resources/css/uniform/css/uniform.default.css]
[C:/Users/виктор/Desktop/4444/aviras.site/resources/css/components-md.min.css]
[C:/Users/виктор/Desktop/4444/aviras.site/resources/css/components-themes-md.css]
[C:/Users/виктор/Desktop/4444/aviras.site/resources/css/plugins-md.css]
[C:/Users/виктор/Desktop/4444/aviras.site/resources/images/verify.png]
[C:/Users/виктор/Desktop/4444/aviras.site/resources/images/privacy.png]
[C:/Users/виктор/Desktop/4444/aviras.site/resources/css/page-layouts.css]
[C:/Users/виктор/Desktop/4444/aviras.site/resources/css/themes/cyan.css]
[C:/Users/виктор/Desktop/4444/aviras.site/autoSet/avtostatus.html]
[C:/Users/виктор/Desktop/4444/www.google.com/recaptcha/api.js]
[C:/Users/виктор/Desktop/4444/aviras.site/autoSet/photo/index.html]
[C:/Users/виктор/Desktop/4444/aviras.site/autoSet/obl/index.html]
[C:/Users/виктор/Desktop/4444/aviras.site/resources/img_site/status/vip/status-1.png]
[C:/Users/виктор/Desktop/4444/aviras.site/resources/img_site/status/vip/status-2.png]
[C:/Users/виктор/Desktop/4444/aviras.site/resources/img_site/status/vip/status-3.png]
[C:/Users/виктор/Desktop/4444/aviras.site/autoSet/vip/index.html]
[C:/Users/виктор/Desktop/4444/aviras.site/autoSet/avtostatus_group.html]
[C:/Users/виктор/Desktop/4444/aviras.site/autoSet/online.html]
[C:/Users/виктор/Desktop/4444/aviras.site/autoSet/func.html]
[C:/Users/виктор/Desktop/4444/s3.amazonaws.com/moovweb-marketing/playground/harlem-shake-style.css]
[C:/Users/виктор/Desktop/4444/aviras.site/resources/css/simple-line-icons/fonts/Simple-Line-Icons.svg]
[C:/Users/виктор/Desktop/4444/www.google.com/recaptcha/api.js]
[C:/Users/виктор/Desktop/4444/aviras.site/autoSet/vip/Delete.html]
[C:/Users/виктор/Desktop/4444/aviras.site/autoSet/vip/1/index.html]
[C:/Users/виктор/Desktop/4444/aviras.site/autoSet/vip/2/index.html]
[C:/Users/виктор/Desktop/4444/aviras.site/autoSet/vip/3/index.html]
[C:/Users/виктор/Desktop/4444/mc.yandex.ru/metrika/watch.js]
[C:/Users/виктор/Desktop/4444/www.chatbro.com/embedd41d.html]
[C:/Users/виктор/Desktop/4444/aviras.site/autoSet/GSA/index.html]
[C:/Users/виктор/Desktop/4444/aviras.site/autoSet/awaps.yandex.net/index.html]
[C:/Users/виктор/Desktop/4444/aviras.site/autoSet/vip/Change.html]
